GAMS 46.1.0  0f6c6ca6 Feb 17, 2024          WEX-WEI x86 64bit/MS Windows - 02/22/24 00:57:05 Page 1
G e n e r a l   A l g e b r a i c   M o d e l i n g   S y s t e m
C o m p i l a t i o n


   1  VARIABLES z;
   2  POSITIVE VARIABLES x1, x2, x3;
   3  EQUATIONS obj, equ1, equ2, equ3, equ4;
   4  obj.. z =e= 0.15*x1 + 0.12*x2 + 0.20*x3;
   5  equ1.. x1 + x2 + x3 =e= 1;
   6  equ2.. 10*x1 + 15*x2 + 5*x3 =l= 10;
   7  equ3.. 40*x1 + 90*x2 + 30*x3 =g= 50;
   8  equ4.. x1 =g= 0.4;
   9  model Ejercicio5 /all/;
  10  solve Ejercicio5 using lp minimizing z;
  11   
  12   


COMPILATION TIME     =        0.000 SECONDS      2 MB  46.1.0 0f6c6ca6 WEX-WEI
GAMS 46.1.0  0f6c6ca6 Feb 17, 2024          WEX-WEI x86 64bit/MS Windows - 02/22/24 00:57:05 Page 2
G e n e r a l   A l g e b r a i c   M o d e l i n g   S y s t e m
Equation Listing    SOLVE Ejercicio5 Using LP From line 10


---- obj  =E=  

obj..  z - 0.15*x1 - 0.12*x2 - 0.2*x3 =E= 0 ; (LHS = 0)
     

---- equ1  =E=  

equ1..  x1 + x2 + x3 =E= 1 ; (LHS = 0, INFES = 1 ****)
     

---- equ2  =L=  

equ2..  10*x1 + 15*x2 + 5*x3 =L= 10 ; (LHS = 0)
     

---- equ3  =G=  

equ3..  40*x1 + 90*x2 + 30*x3 =G= 50 ; (LHS = 0, INFES = 50 ****)
     

---- equ4  =G=  

equ4..  x1 =G= 0.4 ; (LHS = 0, INFES = 0.4 ****)
     
GAMS 46.1.0  0f6c6ca6 Feb 17, 2024          WEX-WEI x86 64bit/MS Windows - 02/22/24 00:57:05 Page 3
G e n e r a l   A l g e b r a i c   M o d e l i n g   S y s t e m
Column Listing      SOLVE Ejercicio5 Using LP From line 10


---- z  

z
                (.LO, .L, .UP, .M = -INF, 0, +INF, 0)
        1       obj


---- x1  

x1
                (.LO, .L, .UP, .M = 0, 0, +INF, 0)
       -0.15    obj
        1       equ1
       10       equ2
       40       equ3
        1       equ4


---- x2  

x2
                (.LO, .L, .UP, .M = 0, 0, +INF, 0)
       -0.12    obj
        1       equ1
       15       equ2
       90       equ3


---- x3  

x3
                (.LO, .L, .UP, .M = 0, 0, +INF, 0)
       -0.2     obj
        1       equ1
        5       equ2
       30       equ3

GAMS 46.1.0  0f6c6ca6 Feb 17, 2024          WEX-WEI x86 64bit/MS Windows - 02/22/24 00:57:05 Page 4
G e n e r a l   A l g e b r a i c   M o d e l i n g   S y s t e m
Range Statistics    SOLVE Ejercicio5 Using LP From line 10


RANGE STATISTICS (ABSOLUTE NON-ZERO FINITE VALUES)

RHS       [min, max] : [ 4.000E-01, 5.000E+01] - Zero values observed as well
Bound     [min, max] : [        NA,        NA] - Zero values observed as well
Matrix    [min, max] : [ 1.200E-01, 9.000E+01]

GAMS 46.1.0  0f6c6ca6 Feb 17, 2024          WEX-WEI x86 64bit/MS Windows - 02/22/24 00:57:05 Page 5
G e n e r a l   A l g e b r a i c   M o d e l i n g   S y s t e m
Model Statistics    SOLVE Ejercicio5 Using LP From line 10


MODEL STATISTICS

BLOCKS OF EQUATIONS           5     SINGLE EQUATIONS            5
BLOCKS OF VARIABLES           4     SINGLE VARIABLES            4
NON ZERO ELEMENTS            14


GENERATION TIME      =        0.000 SECONDS      3 MB  46.1.0 0f6c6ca6 WEX-WEI
GAMS 46.1.0  0f6c6ca6 Feb 17, 2024          WEX-WEI x86 64bit/MS Windows - 02/22/24 00:57:05 Page 6
G e n e r a l   A l g e b r a i c   M o d e l i n g   S y s t e m
Solution Report     SOLVE Ejercicio5 Using LP From line 10


               S O L V E      S U M M A R Y

     MODEL   Ejercicio5          OBJECTIVE  z
     TYPE    LP                  DIRECTION  MINIMIZE
     SOLVER  CPLEX               FROM LINE  10

**** SOLVER STATUS     1 Normal Completion
**** MODEL STATUS      1 Optimal
**** OBJECTIVE VALUE                0.1550

 RESOURCE USAGE, LIMIT          0.000 10000000000.000
 ITERATION COUNT, LIMIT         2    2147483647
*** This solver runs with a demo license. No commercial use.
--- GMO setup time: 0.00s
--- GMO memory 0.50 Mb (peak 0.50 Mb)
--- Dictionary memory 0.00 Mb
--- Cplex 22.1.1.0 link memory 0.00 Mb (peak 0.00 Mb)
--- Starting Cplex


--- LP status (1): optimal.
--- Cplex Time: 0.00sec (det. 0.01 ticks)


Optimal solution found
Objective:            0.155000


                           LOWER          LEVEL          UPPER         MARGINAL

---- EQU obj                 .              .              .             1.0000      
---- EQU equ1               1.0000         1.0000         1.0000         0.2400      
---- EQU equ2              -INF           10.0000        10.0000        -0.0110      
---- EQU equ3              50.0000        50.0000        +INF            0.0005      
---- EQU equ4               0.4000         0.5000        +INF             .          

                           LOWER          LEVEL          UPPER         MARGINAL

---- VAR z                 -INF            0.1550        +INF             .          
---- VAR x1                  .             0.5000        +INF             .          
---- VAR x2                  .             0.2500        +INF             .          
---- VAR x3                  .             0.2500        +INF             .          


**** REPORT SUMMARY :        0     NONOPT
                             0 INFEASIBLE
                             0  UNBOUNDED


EXECUTION TIME       =        0.046 SECONDS      3 MB  46.1.0 0f6c6ca6 WEX-WEI


USER: GAMS Demo, for EULA and demo limitations see   G240131/0001CB-GEN
      https://www.gams.com/latest/docs/UG%5FLicense.html         DC0000


**** FILE SUMMARY

Input      E:\Escritorio\Programacion\RunningLanguages\L_Gams\Lab1\LAB1_Ejercicio5.gms
Output     E:\Escritorio\Programacion\RunningLanguages\L_Gams\Lab1\LAB1_Ejercicio5.lst
