GAMS 46.1.0  0f6c6ca6 Feb 17, 2024          WEX-WEI x86 64bit/MS Windows - 02/22/24 01:35:52 Page 1
G e n e r a l   A l g e b r a i c   M o d e l i n g   S y s t e m
C o m p i l a t i o n


   1  VARIABLES z;
   2   
   3  POSITIVE VARIABLES x1, x2, x3;
   4   
   5  EQUATIONS obj, equ1, equ2;
   6   
   7  obj.. z =e= 6*x1 + 14*x2 + 3*x3;
   8   
   9  equ1.. -x1 -7*x2 + x3 =e= -2;
  10  equ2.. 2*x1 + 2*x2 + x3 =g= 1;
  11   
  12  model Ejercicio7 /ALL/;
  13  solve Ejercicio7 using lp maximizing z;


COMPILATION TIME     =        0.015 SECONDS      2 MB  46.1.0 0f6c6ca6 WEX-WEI
GAMS 46.1.0  0f6c6ca6 Feb 17, 2024          WEX-WEI x86 64bit/MS Windows - 02/22/24 01:35:52 Page 2
G e n e r a l   A l g e b r a i c   M o d e l i n g   S y s t e m
Equation Listing    SOLVE Ejercicio7 Using LP From line 13


---- obj  =E=  

obj..  z - 6*x1 - 14*x2 - 3*x3 =E= 0 ; (LHS = 0)
     

---- equ1  =E=  

equ1..  - x1 - 7*x2 + x3 =E= -2 ; (LHS = 0, INFES = 2 ****)
     

---- equ2  =G=  

equ2..  2*x1 + 2*x2 + x3 =G= 1 ; (LHS = 0, INFES = 1 ****)
     
GAMS 46.1.0  0f6c6ca6 Feb 17, 2024          WEX-WEI x86 64bit/MS Windows - 02/22/24 01:35:52 Page 3
G e n e r a l   A l g e b r a i c   M o d e l i n g   S y s t e m
Column Listing      SOLVE Ejercicio7 Using LP From line 13


---- z  

z
                (.LO, .L, .UP, .M = -INF, 0, +INF, 0)
        1       obj


---- x1  

x1
                (.LO, .L, .UP, .M = 0, 0, +INF, 0)
       -6       obj
       -1       equ1
        2       equ2


---- x2  

x2
                (.LO, .L, .UP, .M = 0, 0, +INF, 0)
      -14       obj
       -7       equ1
        2       equ2


---- x3  

x3
                (.LO, .L, .UP, .M = 0, 0, +INF, 0)
       -3       obj
        1       equ1
        1       equ2

GAMS 46.1.0  0f6c6ca6 Feb 17, 2024          WEX-WEI x86 64bit/MS Windows - 02/22/24 01:35:52 Page 4
G e n e r a l   A l g e b r a i c   M o d e l i n g   S y s t e m
Range Statistics    SOLVE Ejercicio7 Using LP From line 13


RANGE STATISTICS (ABSOLUTE NON-ZERO FINITE VALUES)

RHS       [min, max] : [ 1.000E+00, 2.000E+00] - Zero values observed as well
Bound     [min, max] : [        NA,        NA] - Zero values observed as well
Matrix    [min, max] : [ 1.000E+00, 1.400E+01]

GAMS 46.1.0  0f6c6ca6 Feb 17, 2024          WEX-WEI x86 64bit/MS Windows - 02/22/24 01:35:52 Page 5
G e n e r a l   A l g e b r a i c   M o d e l i n g   S y s t e m
Model Statistics    SOLVE Ejercicio7 Using LP From line 13


MODEL STATISTICS

BLOCKS OF EQUATIONS           3     SINGLE EQUATIONS            3
BLOCKS OF VARIABLES           4     SINGLE VARIABLES            4
NON ZERO ELEMENTS            10


GENERATION TIME      =        0.000 SECONDS      3 MB  46.1.0 0f6c6ca6 WEX-WEI
GAMS 46.1.0  0f6c6ca6 Feb 17, 2024          WEX-WEI x86 64bit/MS Windows - 02/22/24 01:35:52 Page 6
G e n e r a l   A l g e b r a i c   M o d e l i n g   S y s t e m
Solution Report     SOLVE Ejercicio7 Using LP From line 13


               S O L V E      S U M M A R Y

     MODEL   Ejercicio7          OBJECTIVE  z
     TYPE    LP                  DIRECTION  MAXIMIZE
     SOLVER  CPLEX               FROM LINE  13

**** SOLVER STATUS     1 Normal Completion
**** MODEL STATUS      3 Unbounded
**** OBJECTIVE VALUE                9.0000

 RESOURCE USAGE, LIMIT          0.000 10000000000.000
 ITERATION COUNT, LIMIT         1    2147483647
*** This solver runs with a demo license. No commercial use.
--- GMO setup time: 0.00s
--- GMO memory 0.50 Mb (peak 0.50 Mb)
--- Dictionary memory 0.00 Mb
--- Cplex 22.1.1.0 link memory 0.00 Mb (peak 0.00 Mb)
--- Starting Cplex


--- LP status (2): unbounded.
--- Cplex Time: 0.00sec (det. 0.00 ticks)


Model has an unbounded ray
--- Could not determine which row or columns may have causedthe problem to be unbounded


                           LOWER          LEVEL          UPPER         MARGINAL

---- EQU obj                 .              .              .             1.0000      
---- EQU equ1              -2.0000        -2.0000        -2.0000         2.0000      
---- EQU equ2               1.0000         4.0000        +INF             .          

                           LOWER          LEVEL          UPPER         MARGINAL

---- VAR z                 -INF            9.0000        +INF             .          
---- VAR x1                  .              .            +INF           -4.0000      
---- VAR x2                  .              .            +INF             .          
---- VAR x3                  .              .            +INF           -5.0000      


**** REPORT SUMMARY :        0     NONOPT
                             0 INFEASIBLE
                             0  UNBOUNDED


EXECUTION TIME       =        0.032 SECONDS      3 MB  46.1.0 0f6c6ca6 WEX-WEI


USER: GAMS Demo, for EULA and demo limitations see   G240131/0001CB-GEN
      https://www.gams.com/latest/docs/UG%5FLicense.html         DC0000


**** FILE SUMMARY

Input      E:\Escritorio\Programacion\RunningLanguages\L_Gams\Lab1\LAB1_Ejercicio7.gms
Output     E:\Escritorio\Programacion\RunningLanguages\L_Gams\Lab1\LAB1_Ejercicio7.lst
